                                 Started job on |	Jun 13 07:27:38
                             Started mapping on |	Jun 13 07:30:13
                                    Finished on |	Jun 13 07:36:41
       Mapping speed, Million of reads per hour |	486.91

                          Number of input reads |	52477574
                      Average input read length |	97
                                    UNIQUE READS:
                   Uniquely mapped reads number |	41079459
                        Uniquely mapped reads % |	78.28%
                          Average mapped length |	96.43
                       Number of splices: Total |	8625103
            Number of splices: Annotated (sjdb) |	8507757
                       Number of splices: GT/AG |	8511595
                       Number of splices: GC/AG |	67477
                       Number of splices: AT/AC |	7027
               Number of splices: Non-canonical |	39004
                      Mismatch rate per base, % |	0.29%
                         Deletion rate per base |	0.00%
                        Deletion average length |	1.49
                        Insertion rate per base |	0.01%
                       Insertion average length |	1.21
                             MULTI-MAPPING READS:
        Number of reads mapped to multiple loci |	3567755
             % of reads mapped to multiple loci |	6.80%
        Number of reads mapped to too many loci |	150688
             % of reads mapped to too many loci |	0.29%
                                  UNMAPPED READS:
  Number of reads unmapped: too many mismatches |	0
       % of reads unmapped: too many mismatches |	0.00%
            Number of reads unmapped: too short |	7589558
                 % of reads unmapped: too short |	14.46%
                Number of reads unmapped: other |	90114
                     % of reads unmapped: other |	0.17%
                                  CHIMERIC READS:
                       Number of chimeric reads |	0
                            % of chimeric reads |	0.00%
