                                 Started job on |	Jun 13 06:50:21
                             Started mapping on |	Jun 13 06:53:52
                                    Finished on |	Jun 13 07:00:10
       Mapping speed, Million of reads per hour |	465.81

                          Number of input reads |	48910300
                      Average input read length |	98
                                    UNIQUE READS:
                   Uniquely mapped reads number |	38513216
                        Uniquely mapped reads % |	78.74%
                          Average mapped length |	97.04
                       Number of splices: Total |	6676483
            Number of splices: Annotated (sjdb) |	6569076
                       Number of splices: GT/AG |	6595334
                       Number of splices: GC/AG |	46667
                       Number of splices: AT/AC |	4939
               Number of splices: Non-canonical |	29543
                      Mismatch rate per base, % |	0.31%
                         Deletion rate per base |	0.00%
                        Deletion average length |	1.41
                        Insertion rate per base |	0.01%
                       Insertion average length |	1.20
                             MULTI-MAPPING READS:
        Number of reads mapped to multiple loci |	3958740
             % of reads mapped to multiple loci |	8.09%
        Number of reads mapped to too many loci |	160610
             % of reads mapped to too many loci |	0.33%
                                  UNMAPPED READS:
  Number of reads unmapped: too many mismatches |	0
       % of reads unmapped: too many mismatches |	0.00%
            Number of reads unmapped: too short |	6177866
                 % of reads unmapped: too short |	12.63%
                Number of reads unmapped: other |	99868
                     % of reads unmapped: other |	0.20%
                                  CHIMERIC READS:
                       Number of chimeric reads |	0
                            % of chimeric reads |	0.00%
