                                 Started job on |	Jun 13 06:28:52
                             Started mapping on |	Jun 13 06:31:50
                                    Finished on |	Jun 13 06:39:01
       Mapping speed, Million of reads per hour |	422.83

                          Number of input reads |	50621984
                      Average input read length |	98
                                    UNIQUE READS:
                   Uniquely mapped reads number |	39510324
                        Uniquely mapped reads % |	78.05%
                          Average mapped length |	97.21
                       Number of splices: Total |	4221392
            Number of splices: Annotated (sjdb) |	4128672
                       Number of splices: GT/AG |	4156982
                       Number of splices: GC/AG |	32496
                       Number of splices: AT/AC |	3780
               Number of splices: Non-canonical |	28134
                      Mismatch rate per base, % |	0.41%
                         Deletion rate per base |	0.00%
                        Deletion average length |	1.37
                        Insertion rate per base |	0.01%
                       Insertion average length |	1.18
                             MULTI-MAPPING READS:
        Number of reads mapped to multiple loci |	4943026
             % of reads mapped to multiple loci |	9.76%
        Number of reads mapped to too many loci |	244003
             % of reads mapped to too many loci |	0.48%
                                  UNMAPPED READS:
  Number of reads unmapped: too many mismatches |	0
       % of reads unmapped: too many mismatches |	0.00%
            Number of reads unmapped: too short |	5647755
                 % of reads unmapped: too short |	11.16%
                Number of reads unmapped: other |	276876
                     % of reads unmapped: other |	0.55%
                                  CHIMERIC READS:
                       Number of chimeric reads |	0
                            % of chimeric reads |	0.00%
