                                 Started job on |	Jun 13 07:10:36
                             Started mapping on |	Jun 13 07:13:05
                                    Finished on |	Jun 13 07:18:48
       Mapping speed, Million of reads per hour |	459.49

                          Number of input reads |	43779430
                      Average input read length |	97
                                    UNIQUE READS:
                   Uniquely mapped reads number |	32733619
                        Uniquely mapped reads % |	74.77%
                          Average mapped length |	96.93
                       Number of splices: Total |	2898826
            Number of splices: Annotated (sjdb) |	2838394
                       Number of splices: GT/AG |	2851137
                       Number of splices: GC/AG |	23267
                       Number of splices: AT/AC |	2426
               Number of splices: Non-canonical |	21996
                      Mismatch rate per base, % |	0.36%
                         Deletion rate per base |	0.00%
                        Deletion average length |	1.32
                        Insertion rate per base |	0.01%
                       Insertion average length |	1.18
                             MULTI-MAPPING READS:
        Number of reads mapped to multiple loci |	4120091
             % of reads mapped to multiple loci |	9.41%
        Number of reads mapped to too many loci |	143686
             % of reads mapped to too many loci |	0.33%
                                  UNMAPPED READS:
  Number of reads unmapped: too many mismatches |	0
       % of reads unmapped: too many mismatches |	0.00%
            Number of reads unmapped: too short |	6609545
                 % of reads unmapped: too short |	15.10%
                Number of reads unmapped: other |	172489
                     % of reads unmapped: other |	0.39%
                                  CHIMERIC READS:
                       Number of chimeric reads |	0
                            % of chimeric reads |	0.00%
