                                 Started job on |	Jun 13 06:39:03
                             Started mapping on |	Jun 13 06:41:50
                                    Finished on |	Jun 13 06:50:19
       Mapping speed, Million of reads per hour |	422.23

                          Number of input reads |	59698907
                      Average input read length |	97
                                    UNIQUE READS:
                   Uniquely mapped reads number |	45857829
                        Uniquely mapped reads % |	76.82%
                          Average mapped length |	97.01
                       Number of splices: Total |	3728561
            Number of splices: Annotated (sjdb) |	3644664
                       Number of splices: GT/AG |	3667648
                       Number of splices: GC/AG |	29158
                       Number of splices: AT/AC |	3018
               Number of splices: Non-canonical |	28737
                      Mismatch rate per base, % |	0.30%
                         Deletion rate per base |	0.00%
                        Deletion average length |	1.30
                        Insertion rate per base |	0.01%
                       Insertion average length |	1.17
                             MULTI-MAPPING READS:
        Number of reads mapped to multiple loci |	6825134
             % of reads mapped to multiple loci |	11.43%
        Number of reads mapped to too many loci |	223747
             % of reads mapped to too many loci |	0.37%
                                  UNMAPPED READS:
  Number of reads unmapped: too many mismatches |	0
       % of reads unmapped: too many mismatches |	0.00%
            Number of reads unmapped: too short |	6640049
                 % of reads unmapped: too short |	11.12%
                Number of reads unmapped: other |	152148
                     % of reads unmapped: other |	0.25%
                                  CHIMERIC READS:
                       Number of chimeric reads |	0
                            % of chimeric reads |	0.00%
