                                 Started job on |	Jun 13 05:39:17
                             Started mapping on |	Jun 13 05:42:22
                                    Finished on |	Jun 13 05:49:16
       Mapping speed, Million of reads per hour |	428.00

                          Number of input reads |	49220395
                      Average input read length |	97
                                    UNIQUE READS:
                   Uniquely mapped reads number |	37507575
                        Uniquely mapped reads % |	76.20%
                          Average mapped length |	96.35
                       Number of splices: Total |	4845333
            Number of splices: Annotated (sjdb) |	4764321
                       Number of splices: GT/AG |	4777729
                       Number of splices: GC/AG |	34575
                       Number of splices: AT/AC |	3691
               Number of splices: Non-canonical |	29338
                      Mismatch rate per base, % |	0.36%
                         Deletion rate per base |	0.01%
                        Deletion average length |	1.42
                        Insertion rate per base |	0.01%
                       Insertion average length |	1.21
                             MULTI-MAPPING READS:
        Number of reads mapped to multiple loci |	4515862
             % of reads mapped to multiple loci |	9.17%
        Number of reads mapped to too many loci |	239334
             % of reads mapped to too many loci |	0.49%
                                  UNMAPPED READS:
  Number of reads unmapped: too many mismatches |	0
       % of reads unmapped: too many mismatches |	0.00%
            Number of reads unmapped: too short |	6745855
                 % of reads unmapped: too short |	13.71%
                Number of reads unmapped: other |	211769
                     % of reads unmapped: other |	0.43%
                                  CHIMERIC READS:
                       Number of chimeric reads |	0
                            % of chimeric reads |	0.00%
