                                 Started job on |	Jun 13 07:45:57
                             Started mapping on |	Jun 13 07:48:24
                                    Finished on |	Jun 13 07:55:10
       Mapping speed, Million of reads per hour |	461.33

                          Number of input reads |	52028011
                      Average input read length |	97
                                    UNIQUE READS:
                   Uniquely mapped reads number |	37737283
                        Uniquely mapped reads % |	72.53%
                          Average mapped length |	95.78
                       Number of splices: Total |	8262439
            Number of splices: Annotated (sjdb) |	8100773
                       Number of splices: GT/AG |	8099897
                       Number of splices: GC/AG |	75407
                       Number of splices: AT/AC |	7306
               Number of splices: Non-canonical |	79829
                      Mismatch rate per base, % |	0.42%
                         Deletion rate per base |	0.00%
                        Deletion average length |	1.51
                        Insertion rate per base |	0.00%
                       Insertion average length |	1.21
                             MULTI-MAPPING READS:
        Number of reads mapped to multiple loci |	3528933
             % of reads mapped to multiple loci |	6.78%
        Number of reads mapped to too many loci |	192921
             % of reads mapped to too many loci |	0.37%
                                  UNMAPPED READS:
  Number of reads unmapped: too many mismatches |	0
       % of reads unmapped: too many mismatches |	0.00%
            Number of reads unmapped: too short |	10486953
                 % of reads unmapped: too short |	20.16%
                Number of reads unmapped: other |	81921
                     % of reads unmapped: other |	0.16%
                                  CHIMERIC READS:
                       Number of chimeric reads |	0
                            % of chimeric reads |	0.00%
