                                 Started job on |	Jun 13 07:36:42
                             Started mapping on |	Jun 13 07:39:28
                                    Finished on |	Jun 13 07:45:56
       Mapping speed, Million of reads per hour |	418.62

                          Number of input reads |	45118198
                      Average input read length |	97
                                    UNIQUE READS:
                   Uniquely mapped reads number |	35267063
                        Uniquely mapped reads % |	78.17%
                          Average mapped length |	96.54
                       Number of splices: Total |	5299525
            Number of splices: Annotated (sjdb) |	5219970
                       Number of splices: GT/AG |	5230955
                       Number of splices: GC/AG |	37655
                       Number of splices: AT/AC |	4637
               Number of splices: Non-canonical |	26278
                      Mismatch rate per base, % |	0.37%
                         Deletion rate per base |	0.00%
                        Deletion average length |	1.42
                        Insertion rate per base |	0.01%
                       Insertion average length |	1.18
                             MULTI-MAPPING READS:
        Number of reads mapped to multiple loci |	3690411
             % of reads mapped to multiple loci |	8.18%
        Number of reads mapped to too many loci |	149234
             % of reads mapped to too many loci |	0.33%
                                  UNMAPPED READS:
  Number of reads unmapped: too many mismatches |	0
       % of reads unmapped: too many mismatches |	0.00%
            Number of reads unmapped: too short |	5541205
                 % of reads unmapped: too short |	12.28%
                Number of reads unmapped: other |	470285
                     % of reads unmapped: other |	1.04%
                                  CHIMERIC READS:
                       Number of chimeric reads |	0
                            % of chimeric reads |	0.00%
