                                 Started job on |	Jun 13 08:04:33
                             Started mapping on |	Jun 13 08:07:08
                                    Finished on |	Jun 13 08:13:31
       Mapping speed, Million of reads per hour |	454.88

                          Number of input reads |	48394099
                      Average input read length |	98
                                    UNIQUE READS:
                   Uniquely mapped reads number |	37592030
                        Uniquely mapped reads % |	77.68%
                          Average mapped length |	97.10
                       Number of splices: Total |	8072238
            Number of splices: Annotated (sjdb) |	7985603
                       Number of splices: GT/AG |	7982716
                       Number of splices: GC/AG |	55381
                       Number of splices: AT/AC |	6581
               Number of splices: Non-canonical |	27560
                      Mismatch rate per base, % |	0.35%
                         Deletion rate per base |	0.00%
                        Deletion average length |	1.50
                        Insertion rate per base |	0.01%
                       Insertion average length |	1.21
                             MULTI-MAPPING READS:
        Number of reads mapped to multiple loci |	4239155
             % of reads mapped to multiple loci |	8.76%
        Number of reads mapped to too many loci |	175684
             % of reads mapped to too many loci |	0.36%
                                  UNMAPPED READS:
  Number of reads unmapped: too many mismatches |	0
       % of reads unmapped: too many mismatches |	0.00%
            Number of reads unmapped: too short |	6306820
                 % of reads unmapped: too short |	13.03%
                Number of reads unmapped: other |	80410
                     % of reads unmapped: other |	0.17%
                                  CHIMERIC READS:
                       Number of chimeric reads |	0
                            % of chimeric reads |	0.00%
