                                 Started job on |	Jun 13 08:27:14
                             Started mapping on |	Jun 13 08:29:52
                                    Finished on |	Jun 13 08:36:04
       Mapping speed, Million of reads per hour |	476.06

                          Number of input reads |	49192900
                      Average input read length |	97
                                    UNIQUE READS:
                   Uniquely mapped reads number |	38494953
                        Uniquely mapped reads % |	78.25%
                          Average mapped length |	96.57
                       Number of splices: Total |	6485489
            Number of splices: Annotated (sjdb) |	6381906
                       Number of splices: GT/AG |	6401981
                       Number of splices: GC/AG |	45862
                       Number of splices: AT/AC |	4776
               Number of splices: Non-canonical |	32870
                      Mismatch rate per base, % |	0.29%
                         Deletion rate per base |	0.00%
                        Deletion average length |	1.47
                        Insertion rate per base |	0.01%
                       Insertion average length |	1.23
                             MULTI-MAPPING READS:
        Number of reads mapped to multiple loci |	3463852
             % of reads mapped to multiple loci |	7.04%
        Number of reads mapped to too many loci |	211230
             % of reads mapped to too many loci |	0.43%
                                  UNMAPPED READS:
  Number of reads unmapped: too many mismatches |	0
       % of reads unmapped: too many mismatches |	0.00%
            Number of reads unmapped: too short |	6920496
                 % of reads unmapped: too short |	14.07%
                Number of reads unmapped: other |	102369
                     % of reads unmapped: other |	0.21%
                                  CHIMERIC READS:
                       Number of chimeric reads |	0
                            % of chimeric reads |	0.00%
