                                 Started job on |	Jun 13 06:08:02
                             Started mapping on |	Jun 13 06:11:33
                                    Finished on |	Jun 13 06:18:41
       Mapping speed, Million of reads per hour |	424.78

                          Number of input reads |	50501114
                      Average input read length |	97
                                    UNIQUE READS:
                   Uniquely mapped reads number |	37244056
                        Uniquely mapped reads % |	73.75%
                          Average mapped length |	96.61
                       Number of splices: Total |	2905366
            Number of splices: Annotated (sjdb) |	2824554
                       Number of splices: GT/AG |	2842760
                       Number of splices: GC/AG |	26133
                       Number of splices: AT/AC |	2360
               Number of splices: Non-canonical |	34113
                      Mismatch rate per base, % |	0.37%
                         Deletion rate per base |	0.01%
                        Deletion average length |	1.24
                        Insertion rate per base |	0.01%
                       Insertion average length |	1.16
                             MULTI-MAPPING READS:
        Number of reads mapped to multiple loci |	5498427
             % of reads mapped to multiple loci |	10.89%
        Number of reads mapped to too many loci |	190223
             % of reads mapped to too many loci |	0.38%
                                  UNMAPPED READS:
  Number of reads unmapped: too many mismatches |	0
       % of reads unmapped: too many mismatches |	0.00%
            Number of reads unmapped: too short |	7081652
                 % of reads unmapped: too short |	14.02%
                Number of reads unmapped: other |	486756
                     % of reads unmapped: other |	0.96%
                                  CHIMERIC READS:
                       Number of chimeric reads |	0
                            % of chimeric reads |	0.00%
