                                 Started job on |	Jun 13 06:18:43
                             Started mapping on |	Jun 13 06:21:35
                                    Finished on |	Jun 13 06:28:51
       Mapping speed, Million of reads per hour |	446.38

                          Number of input reads |	54061222
                      Average input read length |	97
                                    UNIQUE READS:
                   Uniquely mapped reads number |	43480015
                        Uniquely mapped reads % |	80.43%
                          Average mapped length |	96.65
                       Number of splices: Total |	10615808
            Number of splices: Annotated (sjdb) |	10523627
                       Number of splices: GT/AG |	10503247
                       Number of splices: GC/AG |	69994
                       Number of splices: AT/AC |	8724
               Number of splices: Non-canonical |	33843
                      Mismatch rate per base, % |	0.38%
                         Deletion rate per base |	0.00%
                        Deletion average length |	1.40
                        Insertion rate per base |	0.01%
                       Insertion average length |	1.19
                             MULTI-MAPPING READS:
        Number of reads mapped to multiple loci |	4307776
             % of reads mapped to multiple loci |	7.97%
        Number of reads mapped to too many loci |	141771
             % of reads mapped to too many loci |	0.26%
                                  UNMAPPED READS:
  Number of reads unmapped: too many mismatches |	0
       % of reads unmapped: too many mismatches |	0.00%
            Number of reads unmapped: too short |	6033588
                 % of reads unmapped: too short |	11.16%
                Number of reads unmapped: other |	98072
                     % of reads unmapped: other |	0.18%
                                  CHIMERIC READS:
                       Number of chimeric reads |	0
                            % of chimeric reads |	0.00%
