                                 Started job on |	Jun 13 08:36:06
                             Started mapping on |	Jun 13 08:38:30
                                    Finished on |	Jun 13 08:46:19
       Mapping speed, Million of reads per hour |	447.82

                          Number of input reads |	58340773
                      Average input read length |	97
                                    UNIQUE READS:
                   Uniquely mapped reads number |	46493347
                        Uniquely mapped reads % |	79.69%
                          Average mapped length |	97.04
                       Number of splices: Total |	8044723
            Number of splices: Annotated (sjdb) |	7948066
                       Number of splices: GT/AG |	7957223
                       Number of splices: GC/AG |	51538
                       Number of splices: AT/AC |	6101
               Number of splices: Non-canonical |	29861
                      Mismatch rate per base, % |	0.37%
                         Deletion rate per base |	0.01%
                        Deletion average length |	1.38
                        Insertion rate per base |	0.01%
                       Insertion average length |	1.21
                             MULTI-MAPPING READS:
        Number of reads mapped to multiple loci |	4891195
             % of reads mapped to multiple loci |	8.38%
        Number of reads mapped to too many loci |	180237
             % of reads mapped to too many loci |	0.31%
                                  UNMAPPED READS:
  Number of reads unmapped: too many mismatches |	0
       % of reads unmapped: too many mismatches |	0.00%
            Number of reads unmapped: too short |	6570526
                 % of reads unmapped: too short |	11.26%
                Number of reads unmapped: other |	205468
                     % of reads unmapped: other |	0.35%
                                  CHIMERIC READS:
                       Number of chimeric reads |	0
                            % of chimeric reads |	0.00%
