                                 Started job on |	Jun 13 07:00:12
                             Started mapping on |	Jun 13 07:02:52
                                    Finished on |	Jun 13 07:10:34
       Mapping speed, Million of reads per hour |	396.87

                          Number of input reads |	50932168
                      Average input read length |	97
                                    UNIQUE READS:
                   Uniquely mapped reads number |	35483663
                        Uniquely mapped reads % |	69.67%
                          Average mapped length |	96.34
                       Number of splices: Total |	7883117
            Number of splices: Annotated (sjdb) |	7803110
                       Number of splices: GT/AG |	7790292
                       Number of splices: GC/AG |	56776
                       Number of splices: AT/AC |	6772
               Number of splices: Non-canonical |	29277
                      Mismatch rate per base, % |	0.40%
                         Deletion rate per base |	0.00%
                        Deletion average length |	1.46
                        Insertion rate per base |	0.01%
                       Insertion average length |	1.22
                             MULTI-MAPPING READS:
        Number of reads mapped to multiple loci |	3405184
             % of reads mapped to multiple loci |	6.69%
        Number of reads mapped to too many loci |	132393
             % of reads mapped to too many loci |	0.26%
                                  UNMAPPED READS:
  Number of reads unmapped: too many mismatches |	0
       % of reads unmapped: too many mismatches |	0.00%
            Number of reads unmapped: too short |	11844565
                 % of reads unmapped: too short |	23.26%
                Number of reads unmapped: other |	66363
                     % of reads unmapped: other |	0.13%
                                  CHIMERIC READS:
                       Number of chimeric reads |	0
                            % of chimeric reads |	0.00%
