                                 Started job on |	Jun 13 07:18:50
                             Started mapping on |	Jun 13 07:21:09
                                    Finished on |	Jun 13 07:27:37
       Mapping speed, Million of reads per hour |	457.75

                          Number of input reads |	49335328
                      Average input read length |	97
                                    UNIQUE READS:
                   Uniquely mapped reads number |	36036423
                        Uniquely mapped reads % |	73.04%
                          Average mapped length |	96.25
                       Number of splices: Total |	5977541
            Number of splices: Annotated (sjdb) |	5882375
                       Number of splices: GT/AG |	5894786
                       Number of splices: GC/AG |	45147
                       Number of splices: AT/AC |	4609
               Number of splices: Non-canonical |	32999
                      Mismatch rate per base, % |	0.34%
                         Deletion rate per base |	0.00%
                        Deletion average length |	1.45
                        Insertion rate per base |	0.01%
                       Insertion average length |	1.20
                             MULTI-MAPPING READS:
        Number of reads mapped to multiple loci |	4165641
             % of reads mapped to multiple loci |	8.44%
        Number of reads mapped to too many loci |	213242
             % of reads mapped to too many loci |	0.43%
                                  UNMAPPED READS:
  Number of reads unmapped: too many mismatches |	0
       % of reads unmapped: too many mismatches |	0.00%
            Number of reads unmapped: too short |	8805023
                 % of reads unmapped: too short |	17.85%
                Number of reads unmapped: other |	114999
                     % of reads unmapped: other |	0.23%
                                  CHIMERIC READS:
                       Number of chimeric reads |	0
                            % of chimeric reads |	0.00%
